// Jest Snapshot v1, https://goo.gl/fbAQLP

exports[`renders without crashing 1`] = `
<header
  className="App-header"
>
  <p>
    React-Ethereum test
  </p>
</header>
`;
